20:43:03 [main] INFO  c.v.v.c.StConfig - Loaded config from C:\work\ComfyStewardView\viewer\steward-config.json
20:43:03 [main] INFO  c.v.viewer.Main - Loading: C:\work\baseline\fieldlab\autonomous\state\server\config\worlds_local\Era16.db
20:43:03 [main] INFO  c.v.viewer.Main - Parsing world data...
20:43:03 [main] INFO  c.v.v.p.PrefabDictionary - PrefabDictionary: 3458 entries from classpath:/prefab-dump.json (game 0.221.12, generated 2026-08-07T11:23:01Z), 0 rejected
20:43:03 [main] INFO  c.v.v.p.WorldParser - File read into memory: 0ms (0 MB)
20:43:03 [main] INFO  c.v.v.p.WorldParser - World version=37, ZDOs=81
20:43:03 [main] INFO  c.v.v.p.WorldParser - Parsed 81 ZDOs in 33ms. Store: 0 entries, 0 buildings, 0 dropped
20:43:03 [main] INFO  c.v.v.p.WorldParser - Prefab name coverage: 81 / 81 ZDOs resolved (100.0%) — 0 unresolved across 0 distinct hashes
20:43:03 [main] INFO  c.v.v.p.WorldParser -   Dictionary: 3458 entries, game 0.221.12, classpath:/prefab-dump.json — 506 of them construction pieces
20:43:03 [main] INFO  c.v.v.p.WorldParser - Category census: NATURE=81
20:43:03 [main] INFO  c.v.viewer.Main - Parse complete: 0 ZDOs (interesting) in 33ms
20:43:03 [main] INFO  c.v.viewer.Main - Building contracts...
20:43:03 [main] INFO  c.v.v.e.ContractBuilder - ContractBuilder: 0 portals, 0 dropped, 0 entities, 0 containers, 0 records in 11ms
20:43:03 [main] INFO  c.v.viewer.Main - Contracts ready: 0 portals, 0 dropped items, 0 entities, 0 containers
20:43:03 [main] INFO  c.v.viewer.Main - Computing metrics...
20:43:03 [main] INFO  c.v.v.e.RegionLoader - No regions.json found — using origin fallback for zone budgets
20:43:03 [main] INFO  c.v.v.e.MetricsBuilder - MetricsBuilder: 0 clusters, 1 budgets, 0 hotspots, 0 droppedHotspots in 0ms
20:43:03 [main] INFO  c.v.viewer.Main - Metrics ready: 0 portal clusters, 1 zone budgets, 0 hotspots
20:43:03 [main] INFO  c.v.viewer.Main - Building sectors...
20:43:03 [main] INFO  c.v.v.e.SectorBuilder - SectorBuilder: 0 occupied sectors, 0 high-density, 0 hotspots in 6ms
20:43:03 [main] INFO  c.v.viewer.Main - Detecting structures...
20:43:03 [main] INFO  c.v.v.e.StructureDetector - StructureDetector: 0 structures (active=0 cleared=0 unknown=0) in 0ms
20:43:03 [main] INFO  c.v.viewer.Main - Structures ready: 0 total (0 active, 0 cleared, 0 unknown)
20:43:03 [main] INFO  c.v.viewer.Main - Building alerts...
20:43:03 [main] INFO  c.v.v.e.AlertBuilder - AlertBuilder: 0 alerts (critical=0 high=0 medium=0 low=0) in 2ms
20:43:03 [main] INFO  c.v.viewer.Main - Alerts ready: 0 total (critical=0 high=0 medium=0 low=0)
20:43:03 [main] INFO  c.v.v.e.ClassificationStore - ClassificationStore: loaded 617 entries from C:\work\ComfyStewardView\viewer\classification.json
20:43:03 [main] INFO  c.v.viewer.Main - Item classification: 617 entries loaded
20:43:03 [main] INFO  c.v.v.api.ApiServer - Serving UI from C:\work\ComfyStewardView\viewer\src\main\resources\static (jar copy is the fallback)
20:43:04 [main] INFO  c.v.viewer.Main - Analytics cache reader attached: C:\Users\derek\AppData\Local\steward-publish\out\world-cache.duckdb
20:43:04 [main] INFO  io.javalin.Javalin - Starting Javalin ...
20:43:04 [main] INFO  io.javalin.Javalin - 
       __                  ___           _____
      / /___ __   ______ _/ (_)___      / ___/
 __  / / __ `/ | / / __ `/ / / __ \    / __ \
/ /_/ / /_/ /| |/ / /_/ / / / / / /   / /_/ /
\____/\__,_/ |___/\__,_/_/_/_/ /_/    \____/

       https://javalin.io/documentation

20:43:04 [main] INFO  io.javalin.Javalin - Javalin started in 110ms \o/
20:43:04 [main] INFO  io.javalin.Javalin - Static file handler added: StaticFileConfig(hostedPath=/, directory=C:\work\ComfyStewardView\viewer\src\main\resources\static, location=EXTERNAL, precompress=false, aliasCheck=null, headers={Cache-Control=no-store}, skipFileFunction=Function1<jakarta.servlet.http.HttpServletRequest, java.lang.Boolean>, mimeTypes={}). File system location: 'C:\work\ComfyStewardView\viewer\src\main\resources\static'
20:43:04 [main] INFO  io.javalin.Javalin - Static file handler added: StaticFileConfig(hostedPath=/, directory=/static, location=CLASSPATH, precompress=false, aliasCheck=null, headers={Cache-Control=max-age=0}, skipFileFunction=Function1<jakarta.servlet.http.HttpServletRequest, java.lang.Boolean>, mimeTypes={}). File system location: 'jar:file:/C:/work/ComfyStewardView/viewer/target/world-viewer-1.0.0.jar!/static'
20:43:04 [main] INFO  io.javalin.Javalin - Listening on http://localhost:7080/
20:43:04 [main] INFO  io.javalin.Javalin - You are running Javalin 6.3.0 (released August 22, 2024. Your Javalin version is 716 days old. Consider checking for a newer version.).
20:43:04 [main] INFO  c.v.v.api.ApiServer - API server started on port 7080
20:43:04 [main] INFO  c.v.viewer.Main - Viewer ready: http://localhost:7080
20:43:04 [main] INFO  c.v.viewer.Main - Ready. Press Ctrl+C to stop.
